// Jest Snapshot v1, https://goo.gl/fbAQLP

exports[`renders Notification Screen correctly 1`] = `
<RCTSafeAreaView
  emulateUnlessSupported={true}
  style={
    Object {
      "backgroundColor": "#e6e6e6",
    }
  }
>
  <View>
    <View
      style={
        Object {
          "marginBottom": 15,
        }
      }
    />
    <RCTScrollView
      ListFooterComponent={
        <View
          style={
            Object {
              "height": 50,
            }
          }
        />
      }
      data={Array []}
      disableVirtualization={false}
      getItem={[Function]}
      getItemCount={[Function]}
      horizontal={false}
      initialNumToRender={10}
      keyExtractor={[Function]}
      maxToRenderPerBatch={10}
      onContentSizeChange={[Function]}
      onEndReachedThreshold={2}
      onLayout={[Function]}
      onMomentumScrollEnd={[Function]}
      onScroll={[Function]}
      onScrollBeginDrag={[Function]}
      onScrollEndDrag={[Function]}
      removeClippedSubviews={false}
      renderItem={[Function]}
      scrollEventThrottle={50}
      stickyHeaderIndices={Array []}
      updateCellsBatchingPeriod={50}
      viewabilityConfigCallbackPairs={Array []}
      windowSize={21}
    >
      <View>
        <View
          onLayout={[Function]}
        >
          <View
            style={
              Object {
                "height": 50,
              }
            }
          />
        </View>
      </View>
    </RCTScrollView>
  </View>
</RCTSafeAreaView>
`;
