// Jest Snapshot v1, https://goo.gl/fbAQLP

exports[`renders Notification Screen correctly 1`] = `
Array [
  <RCTSafeAreaView
    emulateUnlessSupported={true}
    style={
      Object {
        "backgroundColor": "#51AD28",
        "flex": 0,
      }
    }
  />,
  <View
    style={
      Object {
        "backgroundColor": "white",
        "flex": 1,
        "justifyContent": "flex-start",
      }
    }
  >
    <View
      style={
        Object {
          "alignSelf": "center",
          "backgroundColor": "#51AD28",
          "borderRadius": 3,
          "flexDirection": "row",
          "height": 60,
          "paddingVertical": 5,
          "width": "100%",
        }
      }
    >
      <View
        accessible={true}
        focusable={true}
        onClick={[Function]}
        onResponderGrant={[Function]}
        onResponderMove={[Function]}
        onResponderRelease={[Function]}
        onResponderTerminate={[Function]}
        onResponderTerminationRequest={[Function]}
        onStartShouldSetResponder={[Function]}
        style={
          Object {
            "backgroundColor": "#51AD28",
            "borderRadius": 3,
            "height": "100%",
            "opacity": 1,
            "width": "50%",
          }
        }
      >
        <View>
          <Text
            allowFontScaling={false}
            style={
              Array [
                Object {
                  "color": undefined,
                  "fontSize": 26,
                },
                Object {
                  "alignSelf": "center",
                  "color": "white",
                },
                Object {
                  "fontFamily": "Ionicons",
                  "fontStyle": "normal",
                  "fontWeight": "normal",
                },
                Object {},
              ]
            }
          >
            
          </Text>
          <Text
            style={
              Object {
                "alignSelf": "center",
                "color": "white",
              }
            }
          >
            Github
          </Text>
        </View>
        <View
          style={
            Object {
              "borderBottomColor": "#23598B",
              "borderBottomWidth": 7,
              "marginHorizontal": 0,
              "marginVertical": 3,
            }
          }
        />
      </View>
      <View
        accessible={true}
        focusable={true}
        onClick={[Function]}
        onResponderGrant={[Function]}
        onResponderMove={[Function]}
        onResponderRelease={[Function]}
        onResponderTerminate={[Function]}
        onResponderTerminationRequest={[Function]}
        onStartShouldSetResponder={[Function]}
        style={
          Object {
            "backgroundColor": "#51AD28",
            "borderRadius": 20,
            "height": "100%",
            "opacity": 1,
            "width": "50%",
          }
        }
      >
        <View>
          <Text
            allowFontScaling={false}
            style={
              Array [
                Object {
                  "color": undefined,
                  "fontSize": 26,
                },
                Object {
                  "alignSelf": "center",
                  "color": "#dbdbdb",
                },
                Object {
                  "fontFamily": "Ionicons",
                  "fontStyle": "normal",
                  "fontWeight": "normal",
                },
                Object {},
              ]
            }
          >
            
          </Text>
          <Text
            style={
              Object {
                "alignSelf": "center",
                "color": "white",
              }
            }
          >
            Medium
          </Text>
        </View>
        <View
          style={
            Object {
              "borderBottomColor": "#51AD28",
              "borderBottomWidth": 2,
              "marginHorizontal": 0,
              "marginVertical": 3,
            }
          }
        />
      </View>
    </View>
    <View
      style={
        Object {
          "flex": 1,
        }
      }
    >
      <View
        style={
          Object {
            "flex": 1,
          }
        }
      >
        <RCTSafeAreaView
          emulateUnlessSupported={true}
          style={
            Object {
              "backgroundColor": "#e6e6e6",
            }
          }
        >
          <View>
            <View
              style={
                Object {
                  "marginBottom": 15,
                }
              }
            />
            <RCTScrollView
              ListFooterComponent={
                <View
                  style={
                    Object {
                      "height": 50,
                    }
                  }
                />
              }
              data={Array []}
              disableVirtualization={false}
              getItem={[Function]}
              getItemCount={[Function]}
              horizontal={false}
              initialNumToRender={10}
              keyExtractor={[Function]}
              maxToRenderPerBatch={10}
              onContentSizeChange={[Function]}
              onEndReachedThreshold={2}
              onLayout={[Function]}
              onMomentumScrollEnd={[Function]}
              onScroll={[Function]}
              onScrollBeginDrag={[Function]}
              onScrollEndDrag={[Function]}
              removeClippedSubviews={false}
              renderItem={[Function]}
              scrollEventThrottle={50}
              stickyHeaderIndices={Array []}
              updateCellsBatchingPeriod={50}
              viewabilityConfigCallbackPairs={Array []}
              windowSize={21}
            >
              <View>
                <View
                  onLayout={[Function]}
                >
                  <View
                    style={
                      Object {
                        "height": 50,
                      }
                    }
                  />
                </View>
              </View>
            </RCTScrollView>
          </View>
        </RCTSafeAreaView>
      </View>
    </View>
  </View>,
]
`;
