// Jest Snapshot v1, https://goo.gl/fbAQLP

exports[`renders Login Component correctly 1`] = `
<View>
  <View>
    <View
      style={
        Object {
          "alignItems": "center",
          "flex": 1,
          "justifyContent": "center",
        }
      }
    >
      <ActivityIndicator
        animating={true}
        color="#999999"
        hidesWhenStopped={true}
        size="large"
      />
    </View>
  </View>
</View>
`;
